[app.dayzboosterz.com/index.html]
[backblue.gif]
[fade.gif]
[index.html]
[app.dayzboosterz.com/apps/tools/terms.html]
[app.dayzboosterz.com/assets/img/favicon/favicon.ico]
[fonts.googleapis.com/index.html]
[app.dayzboosterz.com/assets/vendor/fonts/tabler-icons.css]
[app.dayzboosterz.com/assets/vendor/css/rtl/core.css]
[app.dayzboosterz.com/assets/vendor/css/rtl/theme-default.css]
[app.dayzboosterz.com/assets/css/demo.css]
[app.dayzboosterz.com/assets/vendor/css/pages/front-page.css]
[app.dayzboosterz.com/assets/vendor/libs/node-waves/node-waves.css]
[app.dayzboosterz.com/assets/vendor/libs/nouislider/nouislider.css]
[app.dayzboosterz.com/assets/vendor/libs/swiper/swiper.css]
[app.dayzboosterz.com/assets/vendor/css/pages/front-page-landing.css]
[app.dayzboosterz.com/assets/vendor/js/helpers.js]
[app.dayzboosterz.com/assets/vendor/js/template-customizer.js]
[app.dayzboosterz.com/assets/js/front-config.js]
[app.dayzboosterz.com/assets/vendor/js/dropdown-hover.js]
[app.dayzboosterz.com/assets/vendor/js/mega-dropdown.js]
[raw.githubusercontent.com/OzzieHouso/dzb-icon/refs/heads/main/gamer.svg]
[app.dayzboosterz.com/auth/login.html]
[app.dayzboosterz.com/assets/img/front-pages/backgrounds/hero-bg.png]
[app.dayzboosterz.com/assets/img/front-pages/icons/Join-community-arrow.png]
[app.dayzboosterz.com/assets/img/front-pages/icons/section-title-icon.png]
[app.dayzboosterz.com/apps/index.html]
[app.dayzboosterz.com/assets/img/front-pages/icons/laptop.png]
[app.dayzboosterz.com/assets/img/front-pages/icons/rocket.png]
[app.dayzboosterz.com/assets/img/front-pages/icons/paper.png]
[app.dayzboosterz.com/assets/img/front-pages/icons/check.png]
[app.dayzboosterz.com/assets/img/front-pages/icons/user.png]
[app.dayzboosterz.com/assets/img/front-pages/icons/keyboard.png]
[user-images.trustpilot.com/6715228ebeec461cd84570f0/73x73.png]
[user-images.trustpilot.com/66bf0e3a40e8cd5b6f3ea63e/73x73.png]
[user-images.trustpilot.com/6622a9eae7a6d40012617355/73x73.png]
[user-images.trustpilot.com/66a6b603da29d28f5203e5b5/73x73.png]
[user-images.trustpilot.com/66d676193baba4973150f5bf/73x73.png]
[user-images.trustpilot.com/66ff9683ad1e3110cddcd387/73x73.png]
[app.dayzboosterz.com/assets/img/featured/NEO-Gradient-BLUE-small.png]
[app.dayzboosterz.com/assets/img/front-pages/landing-page/OH-new.png]
[app.dayzboosterz.com/assets/img/front-pages/landing-page/Logo2024-1.png]
[app.dayzboosterz.com/assets/img/front-pages/landing-page/DonSibley.png]
[app.dayzboosterz.com/assets/img/front-pages/icons/diamond-info.png]
[app.dayzboosterz.com/assets/img/front-pages/icons/user-success.png]
[app.dayzboosterz.com/assets/img/signature.png]
[app.dayzboosterz.com/assets/img/front-pages/backgrounds/cta-bg-light.png]
[app.dayzboosterz.com/assets/img/front-pages/landing-page/PlayDayZ.png]
[app.dayzboosterz.com/assets/img/front-pages/icons/contact-border.png]
[app.dayzboosterz.com/assets/img/front-pages/landing-page/dzb-1.webp]
[www.svgrepo.com/show/353655/discord-icon.svg]
[app.dayzboosterz.com/auth/captcha.png]
[app.dayzboosterz.com/assets/img/front-pages/backgrounds/footer-bg-light.png]
[app.dayzboosterz.com/apps/tools/typesboost.html]
[app.dayzboosterz.com/apps/tools/lifetimereduce.html]
[app.dayzboosterz.com/apps/tools/gameplay.html]
[app.dayzboosterz.com/apps/tools/latest.html]
[app.dayzboosterz.com/apps/tools/communities.html]
[app.dayzboosterz.com/apps/tools/partners.html]
[app.dayzboosterz.com/assets/vendor/libs/popper/popper.js]
[app.dayzboosterz.com/assets/vendor/js/bootstrap.js]
[app.dayzboosterz.com/assets/vendor/libs/node-waves/node-waves.js]
[app.dayzboosterz.com/assets/vendor/libs/nouislider/nouislider.js]
[app.dayzboosterz.com/assets/vendor/libs/swiper/swiper.js]
[app.dayzboosterz.com/assets/js/front-main.js]
[app.dayzboosterz.com/assets/js/front-page-landing.js]
[app.dayzboosterz.com/auth/captchad41d.png]
[app.dayzboosterz.com/auth/contact.html]
[app.dayzboosterz.com/index.html]
[app.dayzboosterz.com/assets/vendor/fonts/fontawesome.css]
[app.dayzboosterz.com/assets/vendor/fonts/flag-icons.css]
[app.dayzboosterz.com/assets/vendor/libs/perfect-scrollbar/perfect-scrollbar.css]
[app.dayzboosterz.com/assets/vendor/libs/typeahead-js/typeahead.css]
[app.dayzboosterz.com/assets/vendor/libs/select2/select2.css]
[app.dayzboosterz.com/assets/vendor/libs/@form-validation/form-validation.css]
[app.dayzboosterz.com/assets/vendor/libs/bs-stepper/bs-stepper.css]
[app.dayzboosterz.com/assets/js/config.js]
[app.dayzboosterz.com/apps/index-2.html]
[app.dayzboosterz.com/apps/tools/advancedtypes.html]
[app.dayzboosterz.com/apps/tools/typesreduce.html]
[app.dayzboosterz.com/apps/tools/typesorganise.html]
[app.dayzboosterz.com/apps/tools/tierboost.html]
[app.dayzboosterz.com/apps/tools/messages.html]
[app.dayzboosterz.com/apps/tools/spawngenerator.html]
[app.dayzboosterz.com/apps/tools/jsonheatmap.html]
[app.dayzboosterz.com/apps/tools/jsondze.html]
[app.dayzboosterz.com/apps/tools/ctoobjectspawner.html]
[app.dayzboosterz.com/apps/tools/spawnobjectconvert.html]
[app.dayzboosterz.com/apps/tools/mapgrouppos.html]
[app.dayzboosterz.com/apps/tools/eventgroupcalc.html]
[app.dayzboosterz.com/apps/tools/effectconverter.html]
[app.dayzboosterz.com/apps/tools/initctomgp.html]
[app.dayzboosterz.com/apps/tools/missionvalidator.html]
[app.dayzboosterz.com/apps/tools/jsonvalidator.html]
[app.dayzboosterz.com/apps/tools/xmlvalidator.html]
[app.dayzboosterz.com/apps/tools/eventsorganize.html]
[app.dayzboosterz.com/apps/tools/globals.html]
[app.dayzboosterz.com/apps/tools/weather.html]
[app.dayzboosterz.com/apps/tools/calculator.html]
[app.dayzboosterz.com/apps/tools/economy.html]
[app.dayzboosterz.com/apps/tools/proxycalc.html]
[app.dayzboosterz.com/apps/tools/praconverter.html]
[app.dayzboosterz.com/apps/tools/spawnobjectmover.html]
[app.dayzboosterz.com/apps/tools/spawnobjectorganize.html]
[app.dayzboosterz.com/apps/tools/classnamefinder.html]
[app.dayzboosterz.com/apps/tools/jsontospawnobject.html]
[app.dayzboosterz.com/apps/tools/splitter.html]
[app.dayzboosterz.com/assets/vendor/libs/jquery/jquery.js]
[app.dayzboosterz.com/assets/vendor/libs/perfect-scrollbar/perfect-scrollbar.js]
[app.dayzboosterz.com/assets/vendor/libs/hammer/hammer.js]
[app.dayzboosterz.com/assets/vendor/libs/i18n/i18n.js]
[app.dayzboosterz.com/assets/vendor/libs/typeahead-js/typeahead.js]
[app.dayzboosterz.com/assets/vendor/js/menu.js]
[app.dayzboosterz.com/apps/tools/terms.html]
[app.dayzboosterz.com/assets/js/main.js]
[fonts.googleapis.com/index.html]
[fonts.gstatic.com/index.html]
[fonts.googleapis.com/css2ad73.css]
[app.dayzboosterz.com/assets/vendor/fonts/tabler/tabler-icons3026.woff2]
[app.dayzboosterz.com/assets/vendor/fonts/tabler/tabler-iconsd41d.woff]
[app.dayzboosterz.com/assets/vendor/fonts/tabler/tabler-icons3026.ttf]
[app.dayzboosterz.com/assets/vendor/fonts/tabler-icons.css]
[app.dayzboosterz.com/assets/vendor/css/rtl/core.css]
[app.dayzboosterz.com/assets/vendor/css/rtl/theme-default.css]
[app.dayzboosterz.com/assets/css/demo.css]
[app.dayzboosterz.com/assets/vendor/css/pages/front-page.css]
[app.dayzboosterz.com/assets/vendor/libs/node-waves/node-waves.css]
[app.dayzboosterz.com/assets/vendor/libs/nouislider/nouislider.css]
[app.dayzboosterz.com/assets/vendor/libs/swiper/swiper.css]
[app.dayzboosterz.com/assets/vendor/css/pages/front-page-landing.css]
[raw.githubusercontent.com/OzzieHouso/dzb-icon/refs/heads/main/gamer.svg]
[app.dayzboosterz.com/auth/login.html]
[app.dayzboosterz.com/auth/track.html]
[app.dayzboosterz.com/auth/hot-tools.json]
[app.dayzboosterz.com/auth/get-tools.json]
[app.dayzboosterz.com/apps/index.html]
[app.dayzboosterz.com/assets/img/featured/ab.svg]
[app.dayzboosterz.com/assets/img/featured/dzrs.svg]
[app.dayzboosterz.com/assets/img/featured/arc.svg]
[app.dayzboosterz.com/assets/img/featured/arcade.svg]
[app.dayzboosterz.com/assets/img/featured/easylife.svg]
[app.dayzboosterz.com/assets/img/featured/dayzcompanion.svg]
[app.dayzboosterz.com/assets/img/featured/zag.svg]
[app.dayzboosterz.com/assets/img/featured/adventure.svg]
[app.dayzboosterz.com/assets/img/featured/rnr.svg]
[app.dayzboosterz.com/front-pages/backgrounds/cta-bg-light.html]
[app.dayzboosterz.com/front-pages/backgrounds/cta-bg-dark.html]
[www.svgrepo.com/show/353655/discord-icon.svg]
[app.dayzboosterz.com/front-pages/backgrounds/footer-bg-light.html]
[app.dayzboosterz.com/front-pages/backgrounds/footer-bg-dark.html]
[cdn.jsdelivr.net/npm/sweetalert2@11/dist/sweetalert2.min.css]
[cdnjs.cloudflare.com/ajax/libs/diff2html/3.4.17/diff2html.min.83.delayed]
[app.dayzboosterz.com/assets/vendor/libs/select2/select2.js]
[app.dayzboosterz.com/assets/vendor/libs/bootstrap-select/bootstrap-select.js]
[app.dayzboosterz.com/assets/vendor/libs/tagify/tagify.js]
[app.dayzboosterz.com/assets/js/forms-selects.js]
[cdn.jsdelivr.net/npm/chart.js]
[cdnjs.cloudflare.com/ajax/libs/diff2html/3.4.17/diff2html.min.js]
[cdnjs.cloudflare.com/ajax/libs/diff/5.1.0/diff.min.js]
[app.dayzboosterz.com/apps/tools/typesboost.html]
[app.dayzboosterz.com/apps/tools/lifetimereduce.html]
[app.dayzboosterz.com/assets/vendor/libs/tagify/tagify.css]
[app.dayzboosterz.com/assets/vendor/libs/bootstrap-select/bootstrap-select.css]
[app.dayzboosterz.com/apps/tools/gameplay.html]
[app.dayzboosterz.com/apps/tools/latest.html]
[app.dayzboosterz.com/assets/img/partners/servers/banners/banner_8.png]
[app.dayzboosterz.com/assets/img/partner-images/DZC.png]
[app.dayzboosterz.com/assets/img/partners/servers/banners/banner_7.png]
[app.dayzboosterz.com/assets/img/partner-images/Eggs.png]
[app.dayzboosterz.com/apps/tools/communities.html]
[cdn.jsdelivr.net/npm/sweetalert2@11.7.32/dist/sweetalert2.all.min.js]
[app.dayzboosterz.com/apps/tools/partners.html]
[app.dayzboosterz.com/auth/update_donation.html]
[app.dayzboosterz.com/auth/contact.html]
[app.dayzboosterz.com/assets/vendor/fonts/fontawesome/fa-regular-400.woff2]
[app.dayzboosterz.com/assets/vendor/fonts/fontawesome/fa-regular-400.ttf]
[app.dayzboosterz.com/assets/vendor/fonts/fontawesome/fa-solid-900.woff2]
[app.dayzboosterz.com/assets/vendor/fonts/fontawesome/fa-solid-900.ttf]
[app.dayzboosterz.com/assets/vendor/fonts/fontawesome/fa-brands-400.woff2]
[app.dayzboosterz.com/assets/vendor/fonts/fontawesome/fa-brands-400.ttf]
[app.dayzboosterz.com/assets/vendor/fonts/fontawesome.css]
[app.dayzboosterz.com/assets/vendor/fonts/flag-icons.css]
[app.dayzboosterz.com/assets/vendor/libs/perfect-scrollbar/perfect-scrollbar.css]
[app.dayzboosterz.com/assets/vendor/libs/typeahead-js/typeahead.css]
[app.dayzboosterz.com/assets/vendor/libs/select2/select2.css]
[app.dayzboosterz.com/assets/vendor/libs/@form-validation/form-validation.css]
[app.dayzboosterz.com/assets/vendor/libs/bs-stepper/bs-stepper.css]
[app.dayzboosterz.com/apps/index-2.html]
[cdn.datatables.net/1.13.7/css/dataTables.bootstrap5.min.css]
[cdnjs.cloudflare.com/ajax/libs/FileSaver.js/2.0.5/FileSaver.min.js]
[cdn.datatables.net/1.13.7/js/jquery.dataTables.min.js]
[cdn.datatables.net/1.13.7/js/dataTables.bootstrap5.min.js]
[cdn.jsdelivr.net/npm/lz-string@1.4.4/libs/lz-string.min.js]
[app.dayzboosterz.com/apps/tools/advancedtypes.html]
[app.dayzboosterz.com/apps/tools/typesreduce.html]
[app.dayzboosterz.com/apps/tools/config/processOrganizer.json]
[app.dayzboosterz.com/apps/tools/typesorganise.html]
[app.dayzboosterz.com/apps/tools/tierboost.html]
[app.dayzboosterz.com/apps/tools/messages.html]
[unpkg.com/leaflet@1.9.4/dist/leaflet.css]
[unpkg.com/leaflet.markercluster@1.4.1/dist/MarkerCluster.css]
[unpkg.com/leaflet.markercluster@1.4.1/dist/MarkerCluster.Default.css]
[cdn.jsdelivr.net/npm/sweetalert2@11.10.5/dist/sweetalert2.all.min.js]
[unpkg.com/leaflet@1.9.4/dist/leaflet.js]
[unpkg.com/leaflet.markercluster@1.4.1/dist/leaflet.markercluster.js]
[app.dayzboosterz.com/apps/tools/spawngenerator.html]
[cdnjs.cloudflare.com/ajax/libs/leaflet.heat/0.2.0/leaflet-heat.js]
[html2canvas.hertzen.com/dist/html2canvas.min.js]
[app.dayzboosterz.com/apps/tools/jsonheatmap.html]
[cdnjs.cloudflare.com/ajax/libs/codemirror/6.65.7/codemirror.min.css]
[cdnjs.cloudflare.com/ajax/libs/codemirror/6.65.7/theme/monokai.min.css]
[cdnjs.cloudflare.com/ajax/libs/codemirror/6.65.7/theme/dracula.min.css]
[cdnjs.cloudflare.com/ajax/libs/codemirror/6.65.7/codemirror.min.js]
[cdnjs.cloudflare.com/ajax/libs/codemirror/6.65.7/mode/javascript/javascript.min.js]
[cdnjs.cloudflare.com/ajax/libs/codemirror/6.65.7/addon/edit/matchbrackets.min.js]
[cdnjs.cloudflare.com/ajax/libs/codemirror/6.65.7/addon/edit/closebrackets.min.js]
[app.dayzboosterz.com/apps/tools/jsondze.html]
[app.dayzboosterz.com/assets/js/jsondze8e5e.js]
[cdnjs.cloudflare.com/ajax/libs/codemirror/5.65.2/codemirror.min.css]
[cdnjs.cloudflare.com/ajax/libs/codemirror/5.65.2/theme/darcula.min.css]
[cdnjs.cloudflare.com/ajax/libs/codemirror/5.65.2/addon/lint/lint.min.css]
[cdnjs.cloudflare.com/ajax/libs/codemirror/5.65.2/theme/default.min.css]
[cdnjs.cloudflare.com/ajax/libs/codemirror/5.65.2/codemirror.min.js]
[cdnjs.cloudflare.com/ajax/libs/codemirror/5.65.2/mode/javascript/javascript.min.js]
[cdnjs.cloudflare.com/ajax/libs/codemirror/5.65.2/addon/lint/lint.min.js]
[cdnjs.cloudflare.com/ajax/libs/codemirror/5.65.2/addon/lint/json-lint.min.js]
[app.dayzboosterz.com/assets/js/rebuild/p3d-converter30f4.js]
[app.dayzboosterz.com/apps/tools/ctoobjectspawner.html]
[cdnjs.cloudflare.com/ajax/libs/jsonlint/1.6.0/jsonlint.min.js]
[app.dayzboosterz.com/apps/tools/spawnobjectconvert.html]
[app.dayzboosterz.com/apps/tools/mapgrouppos.html]
[cdnjs.cloudflare.com/ajax/libs/codemirror/5.65.2/mode/xml/xml.min.js]
[app.dayzboosterz.com/apps/tools/eventgroupcalc.html]
[app.dayzboosterz.com/apps/tools/effectconverter.html]
[app.dayzboosterz.com/apps/tools/initctomgp.html]
[app.dayzboosterz.com/assets/js/effect-converterae52.js]
[app.dayzboosterz.com/apps/tools/missionvalidator.html]
[app.dayzboosterz.com/assets/vendor/libs/shepherd/shepherd.js]
[app.dayzboosterz.com/assets/vendor/libs/shepherd/shepherd.css]
[cdnjs.cloudflare.com/ajax/libs/codemirror/5.65.2/mode/javascript/json.min.js]
[cdnjs.cloudflare.com/ajax/libs/codemirror/5.65.2/addon/edit/matchbrackets.min.js]
[cdnjs.cloudflare.com/ajax/libs/codemirror/5.65.2/addon/edit/closebrackets.min.js]
[cdnjs.cloudflare.com/ajax/libs/codemirror/5.65.2/addon/lint/json-lint.js]
[app.dayzboosterz.com/assets/js/tour/tour-json5e1f.js]
[app.dayzboosterz.com/apps/tools/jsonvalidator.html]
[cdnjs.cloudflare.com/ajax/libs/codemirror/5.65.2/addon/lint/xml-lint.min.js]
[app.dayzboosterz.com/assets/js/tour/tour-xml5e1f.js]
[app.dayzboosterz.com/apps/tools/xmlvalidator.html]
[cdnjs.cloudflare.com/ajax/libs/codemirror/5.65.2/theme/dracula.min.css]
[app.dayzboosterz.com/apps/tools/eventsorganize.html]
[cdn.datatables.net/1.12.1/css/dataTables.bootstrap5.min.css]
[cdn.datatables.net/responsive/2.3.0/css/responsive.bootstrap.min.css]
[cdn.datatables.net/buttons/2.2.3/css/buttons.bootstrap5.min.css]
[app.dayzboosterz.com/apps/tools/globals.html]
[app.dayzboosterz.com/apps/tools/weather.html]
[app.dayzboosterz.com/apps/tools/calculator.html]
[app.dayzboosterz.com/apps/tools/economy.html]
[cdnjs.cloudflare.com/ajax/libs/codemirror/5.65.5/codemirror.min.css]
[cdnjs.cloudflare.com/ajax/libs/codemirror/5.65.5/theme/dracula.min.css]
[cdnjs.cloudflare.com/ajax/libs/codemirror/5.65.5/codemirror.min.js]
[cdnjs.cloudflare.com/ajax/libs/codemirror/5.65.5/mode/clike/clike.min.js]
[cdnjs.cloudflare.com/ajax/libs/codemirror/5.65.5/mode/xml/xml.min.js]
[cdnjs.cloudflare.com/ajax/libs/codemirror/5.65.5/theme/dracula.min.js]
[app.dayzboosterz.com/apps/tools/proxycalc.html]
[unpkg.com/dropzone@5.9.3/dist/min/dropzone.min.css]
[app.dayzboosterz.com/apps/tools/praconverter.html]
[app.dayzboosterz.com/apps/tools/spawnobjectmover.html]
[unpkg.com/dropzone@5.9.3/dist/min/dropzone.min.js]
[cdnjs.cloudflare.com/ajax/libs/codemirror/5.65.2/theme/monokai.min.css]
[cdn.jsdelivr.net/npm/sweetalert2@11.10.6/dist/sweetalert2.min.css]
[cdn.jsdelivr.net/npm/sweetalert2@11.10.6/dist/sweetalert2.all.min.js]
[app.dayzboosterz.com/apps/tools/spawnobjectorganize.html]
[cdnjs.cloudflare.com/ajax/libs/lity/2.4.1/lity.min.css]
[cdnjs.cloudflare.com/ajax/libs/lity/2.4.1/lity.min.js]
[app.dayzboosterz.com/apps/tools/config/add_classnames.html]
[app.dayzboosterz.com/apps/tools/classnamefinder.html]
[app.dayzboosterz.com/apps/tools/jsontospawnobject.html]
[cdnjs.cloudflare.com/ajax/libs/jszip/3.7.1/jszip.min.js]
[cdnjs.cloudflare.com/ajax/libs/prismjs/1.24.1/themes/prism.min.30b.delayed]
[cdnjs.cloudflare.com/ajax/libs/prismjs/1.24.1/prism.min.js]
[cdnjs.cloudflare.com/ajax/libs/prismjs/1.24.1/components/prism-json.min.js]
[app.dayzboosterz.com/apps/tools/splitter.html]
[fonts.googleapis.com/css2027a.css]
[app.dayzboosterz.com/auth/track.html]
[cdn.jsdelivr.net/npm/sweetalert2@11/dist/sweetalert2.min.css]
[cdnjs.cloudflare.com/ajax/libs/diff2html/3.4.17/diff2html.min.html]
[cdnjs.cloudflare.com/ajax/libs/diff2html/3.4.17/diff2html.min-2.html]
[cdnjs.cloudflare.com/ajax/libs/diff/5.1.0/diff.min.html]
[app.dayzboosterz.com/apps/tools/config/SelectAPI.html]
[app.dayzboosterz.com/apps/tools/types_boosted.html]
[app.dayzboosterz.com/apps/tools/lifetime_reduced.html]
[app.dayzboosterz.com/assets/vendor/libs/tagify/tagify.css]
[app.dayzboosterz.com/assets/vendor/libs/bootstrap-select/bootstrap-select.css]
[app.dayzboosterz.com/assets/img/illustrations/empty.svg]
[app.dayzboosterz.com/assets/vendor/fonts/flags/4x3/xx.svg]
[app.dayzboosterz.com/assets/vendor/fonts/flags/1x1/xx.svg]
[app.dayzboosterz.com/assets/vendor/fonts/flags/4x3/ad.svg]
[app.dayzboosterz.com/assets/vendor/fonts/flags/1x1/ad.svg]
[app.dayzboosterz.com/assets/vendor/fonts/flags/4x3/ae.svg]
[app.dayzboosterz.com/assets/vendor/fonts/flags/1x1/ae.svg]
[app.dayzboosterz.com/assets/vendor/fonts/flags/4x3/af.svg]
[app.dayzboosterz.com/assets/vendor/fonts/flags/1x1/af.svg]
[app.dayzboosterz.com/assets/vendor/fonts/flags/4x3/ag.svg]
[app.dayzboosterz.com/assets/vendor/fonts/flags/1x1/ag.svg]
[app.dayzboosterz.com/assets/vendor/fonts/flags/4x3/ai.svg]
[app.dayzboosterz.com/assets/vendor/fonts/flags/1x1/ai.svg]
[app.dayzboosterz.com/assets/vendor/fonts/flags/4x3/al.svg]
[app.dayzboosterz.com/assets/vendor/fonts/flags/1x1/al.svg]
[app.dayzboosterz.com/assets/vendor/fonts/flags/4x3/am.svg]
[app.dayzboosterz.com/assets/vendor/fonts/flags/1x1/am.svg]
[app.dayzboosterz.com/assets/vendor/fonts/flags/4x3/ao.svg]
[app.dayzboosterz.com/assets/vendor/fonts/flags/1x1/ao.svg]
[app.dayzboosterz.com/assets/vendor/fonts/flags/4x3/aq.svg]
[app.dayzboosterz.com/assets/vendor/fonts/flags/1x1/aq.svg]
[app.dayzboosterz.com/assets/vendor/fonts/flags/4x3/ar.svg]
[app.dayzboosterz.com/assets/vendor/fonts/flags/1x1/ar.svg]
[app.dayzboosterz.com/assets/vendor/fonts/flags/4x3/as.svg]
[app.dayzboosterz.com/assets/vendor/fonts/flags/1x1/as.svg]
[app.dayzboosterz.com/assets/vendor/fonts/flags/4x3/at.svg]
[app.dayzboosterz.com/assets/vendor/fonts/flags/1x1/at.svg]
[app.dayzboosterz.com/assets/vendor/fonts/flags/4x3/au.svg]
[app.dayzboosterz.com/assets/vendor/fonts/flags/1x1/au.svg]
[app.dayzboosterz.com/assets/vendor/fonts/flags/4x3/aw.svg]
[app.dayzboosterz.com/assets/vendor/fonts/flags/1x1/aw.svg]
[app.dayzboosterz.com/assets/vendor/fonts/flags/4x3/ax.svg]
[app.dayzboosterz.com/assets/vendor/fonts/flags/1x1/ax.svg]
[app.dayzboosterz.com/assets/vendor/fonts/flags/4x3/az.svg]
[app.dayzboosterz.com/assets/vendor/fonts/flags/1x1/az.svg]
[app.dayzboosterz.com/assets/vendor/fonts/flags/4x3/ba.svg]
[app.dayzboosterz.com/assets/vendor/fonts/flags/1x1/ba.svg]
[app.dayzboosterz.com/assets/vendor/fonts/flags/4x3/bb.svg]
[app.dayzboosterz.com/assets/vendor/fonts/flags/1x1/bb.svg]
[app.dayzboosterz.com/assets/vendor/fonts/flags/4x3/bd.svg]
[app.dayzboosterz.com/assets/vendor/fonts/flags/1x1/bd.svg]
[app.dayzboosterz.com/assets/vendor/fonts/flags/4x3/be.svg]
[app.dayzboosterz.com/assets/vendor/fonts/flags/1x1/be.svg]
[app.dayzboosterz.com/assets/vendor/fonts/flags/4x3/bf.svg]
[app.dayzboosterz.com/assets/vendor/fonts/flags/1x1/bf.svg]
[app.dayzboosterz.com/assets/vendor/fonts/flags/4x3/bg.svg]
[app.dayzboosterz.com/assets/vendor/fonts/flags/1x1/bg.svg]
[app.dayzboosterz.com/assets/vendor/fonts/flags/4x3/bh.svg]
[app.dayzboosterz.com/assets/vendor/fonts/flags/1x1/bh.svg]
[app.dayzboosterz.com/assets/vendor/fonts/flags/4x3/bi.svg]
[app.dayzboosterz.com/assets/vendor/fonts/flags/1x1/bi.svg]
[app.dayzboosterz.com/assets/vendor/fonts/flags/4x3/bj.svg]
[app.dayzboosterz.com/assets/vendor/fonts/flags/1x1/bj.svg]
[app.dayzboosterz.com/assets/vendor/fonts/flags/4x3/bl.svg]
[app.dayzboosterz.com/assets/vendor/fonts/flags/1x1/bl.svg]
[app.dayzboosterz.com/assets/vendor/fonts/flags/4x3/bm.svg]
[app.dayzboosterz.com/assets/vendor/fonts/flags/1x1/bm.svg]
[app.dayzboosterz.com/assets/vendor/fonts/flags/4x3/bn.svg]
[app.dayzboosterz.com/assets/vendor/fonts/flags/1x1/bn.svg]
[app.dayzboosterz.com/assets/vendor/fonts/flags/4x3/bo.svg]
[app.dayzboosterz.com/assets/vendor/fonts/flags/1x1/bo.svg]
[app.dayzboosterz.com/assets/vendor/fonts/flags/4x3/bq.svg]
[app.dayzboosterz.com/assets/vendor/fonts/flags/1x1/bq.svg]
[app.dayzboosterz.com/assets/vendor/fonts/flags/4x3/br.svg]
[app.dayzboosterz.com/assets/vendor/fonts/flags/1x1/br.svg]
[app.dayzboosterz.com/assets/vendor/fonts/flags/4x3/bs.svg]
[app.dayzboosterz.com/assets/vendor/fonts/flags/1x1/bs.svg]
[app.dayzboosterz.com/assets/vendor/fonts/flags/4x3/bt.svg]
[app.dayzboosterz.com/assets/vendor/fonts/flags/1x1/bt.svg]
[app.dayzboosterz.com/assets/vendor/fonts/flags/4x3/bv.svg]
[app.dayzboosterz.com/assets/vendor/fonts/flags/1x1/bv.svg]
[app.dayzboosterz.com/assets/vendor/fonts/flags/4x3/bw.svg]
[app.dayzboosterz.com/assets/vendor/fonts/flags/1x1/bw.svg]
[app.dayzboosterz.com/assets/vendor/fonts/flags/4x3/by.svg]
[app.dayzboosterz.com/assets/vendor/fonts/flags/1x1/by.svg]
[app.dayzboosterz.com/assets/vendor/fonts/flags/4x3/bz.svg]
[app.dayzboosterz.com/assets/vendor/fonts/flags/1x1/bz.svg]
[app.dayzboosterz.com/assets/vendor/fonts/flags/4x3/ca.svg]
[app.dayzboosterz.com/assets/vendor/fonts/flags/1x1/ca.svg]
[app.dayzboosterz.com/assets/vendor/fonts/flags/4x3/cc.svg]
[app.dayzboosterz.com/assets/vendor/fonts/flags/1x1/cc.svg]
[app.dayzboosterz.com/assets/vendor/fonts/flags/4x3/cd.svg]
[app.dayzboosterz.com/assets/vendor/fonts/flags/1x1/cd.svg]
[app.dayzboosterz.com/assets/vendor/fonts/flags/4x3/cf.svg]
[app.dayzboosterz.com/assets/vendor/fonts/flags/1x1/cf.svg]
[app.dayzboosterz.com/assets/vendor/fonts/flags/4x3/cg.svg]
[app.dayzboosterz.com/assets/vendor/fonts/flags/1x1/cg.svg]
[app.dayzboosterz.com/assets/vendor/fonts/flags/4x3/ch.svg]
[app.dayzboosterz.com/assets/vendor/fonts/flags/1x1/ch.svg]
[app.dayzboosterz.com/assets/vendor/fonts/flags/4x3/ci.svg]
[app.dayzboosterz.com/assets/vendor/fonts/flags/1x1/ci.svg]
[app.dayzboosterz.com/assets/vendor/fonts/flags/4x3/ck.svg]
[app.dayzboosterz.com/assets/vendor/fonts/flags/1x1/ck.svg]
[app.dayzboosterz.com/assets/vendor/fonts/flags/4x3/cl.svg]
[app.dayzboosterz.com/assets/vendor/fonts/flags/1x1/cl.svg]
[app.dayzboosterz.com/assets/vendor/fonts/flags/4x3/cm.svg]
[app.dayzboosterz.com/assets/vendor/fonts/flags/1x1/cm.svg]
[app.dayzboosterz.com/assets/vendor/fonts/flags/4x3/cn.svg]
[app.dayzboosterz.com/assets/vendor/fonts/flags/1x1/cn.svg]
[app.dayzboosterz.com/assets/vendor/fonts/flags/4x3/co.svg]
[app.dayzboosterz.com/assets/vendor/fonts/flags/1x1/co.svg]
[app.dayzboosterz.com/assets/vendor/fonts/flags/4x3/cr.svg]
[app.dayzboosterz.com/assets/vendor/fonts/flags/1x1/cr.svg]
[app.dayzboosterz.com/assets/vendor/fonts/flags/4x3/cu.svg]
[app.dayzboosterz.com/assets/vendor/fonts/flags/1x1/cu.svg]
[app.dayzboosterz.com/assets/vendor/fonts/flags/4x3/cv.svg]
[app.dayzboosterz.com/assets/vendor/fonts/flags/1x1/cv.svg]
[app.dayzboosterz.com/assets/vendor/fonts/flags/4x3/cw.svg]
[app.dayzboosterz.com/assets/vendor/fonts/flags/1x1/cw.svg]
[app.dayzboosterz.com/assets/vendor/fonts/flags/4x3/cx.svg]
[app.dayzboosterz.com/assets/vendor/fonts/flags/1x1/cx.svg]
[app.dayzboosterz.com/assets/vendor/fonts/flags/4x3/cy.svg]
[app.dayzboosterz.com/assets/vendor/fonts/flags/1x1/cy.svg]
[app.dayzboosterz.com/assets/vendor/fonts/flags/4x3/cz.svg]
[app.dayzboosterz.com/assets/vendor/fonts/flags/1x1/cz.svg]
[app.dayzboosterz.com/assets/vendor/fonts/flags/4x3/de.svg]
[app.dayzboosterz.com/assets/vendor/fonts/flags/1x1/de.svg]
[app.dayzboosterz.com/assets/vendor/fonts/flags/4x3/dj.svg]
[app.dayzboosterz.com/assets/vendor/fonts/flags/1x1/dj.svg]
[app.dayzboosterz.com/assets/vendor/fonts/flags/4x3/dk.svg]
[app.dayzboosterz.com/assets/vendor/fonts/flags/1x1/dk.svg]
[app.dayzboosterz.com/assets/vendor/fonts/flags/4x3/dm.svg]
[app.dayzboosterz.com/assets/vendor/fonts/flags/1x1/dm.svg]
[app.dayzboosterz.com/assets/vendor/fonts/flags/4x3/do.svg]
[app.dayzboosterz.com/assets/vendor/fonts/flags/1x1/do.svg]
[app.dayzboosterz.com/assets/vendor/fonts/flags/4x3/dz.svg]
[app.dayzboosterz.com/assets/vendor/fonts/flags/1x1/dz.svg]
[app.dayzboosterz.com/assets/vendor/fonts/flags/4x3/ec.svg]
[app.dayzboosterz.com/assets/vendor/fonts/flags/1x1/ec.svg]
[app.dayzboosterz.com/assets/vendor/fonts/flags/4x3/ee.svg]
[app.dayzboosterz.com/assets/vendor/fonts/flags/1x1/ee.svg]
[app.dayzboosterz.com/assets/vendor/fonts/flags/4x3/eg.svg]
[app.dayzboosterz.com/assets/vendor/fonts/flags/1x1/eg.svg]
[app.dayzboosterz.com/assets/vendor/fonts/flags/4x3/eh.svg]
[app.dayzboosterz.com/assets/vendor/fonts/flags/1x1/eh.svg]
[app.dayzboosterz.com/assets/vendor/fonts/flags/4x3/er.svg]
[app.dayzboosterz.com/assets/vendor/fonts/flags/1x1/er.svg]
[app.dayzboosterz.com/assets/vendor/fonts/flags/4x3/es.svg]
[app.dayzboosterz.com/assets/vendor/fonts/flags/1x1/es.svg]
[app.dayzboosterz.com/assets/vendor/fonts/flags/4x3/et.svg]
[app.dayzboosterz.com/assets/vendor/fonts/flags/1x1/et.svg]
[app.dayzboosterz.com/assets/vendor/fonts/flags/4x3/fi.svg]
[app.dayzboosterz.com/assets/vendor/fonts/flags/1x1/fi.svg]
[app.dayzboosterz.com/assets/vendor/fonts/flags/4x3/fj.svg]
[app.dayzboosterz.com/assets/vendor/fonts/flags/1x1/fj.svg]
[app.dayzboosterz.com/assets/vendor/fonts/flags/4x3/fk.svg]
[app.dayzboosterz.com/assets/vendor/fonts/flags/1x1/fk.svg]
[app.dayzboosterz.com/assets/vendor/fonts/flags/4x3/fm.svg]
[app.dayzboosterz.com/assets/vendor/fonts/flags/1x1/fm.svg]
[app.dayzboosterz.com/assets/vendor/fonts/flags/4x3/fo.svg]
[app.dayzboosterz.com/assets/vendor/fonts/flags/1x1/fo.svg]
[app.dayzboosterz.com/assets/vendor/fonts/flags/4x3/fr.svg]
[app.dayzboosterz.com/assets/vendor/fonts/flags/1x1/fr.svg]
[app.dayzboosterz.com/assets/vendor/fonts/flags/4x3/ga.svg]
[app.dayzboosterz.com/assets/vendor/fonts/flags/1x1/ga.svg]
[app.dayzboosterz.com/assets/vendor/fonts/flags/4x3/gb.svg]
[app.dayzboosterz.com/assets/vendor/fonts/flags/1x1/gb.svg]
[app.dayzboosterz.com/assets/vendor/fonts/flags/4x3/gd.svg]
[app.dayzboosterz.com/assets/vendor/fonts/flags/1x1/gd.svg]
[app.dayzboosterz.com/assets/vendor/fonts/flags/4x3/ge.svg]
[app.dayzboosterz.com/assets/vendor/fonts/flags/1x1/ge.svg]
[app.dayzboosterz.com/assets/vendor/fonts/flags/4x3/gf.svg]
[app.dayzboosterz.com/assets/vendor/fonts/flags/1x1/gf.svg]
[app.dayzboosterz.com/assets/vendor/fonts/flags/4x3/gg.svg]
[app.dayzboosterz.com/assets/vendor/fonts/flags/1x1/gg.svg]
[app.dayzboosterz.com/assets/vendor/fonts/flags/4x3/gh.svg]
[app.dayzboosterz.com/assets/vendor/fonts/flags/1x1/gh.svg]
[app.dayzboosterz.com/assets/vendor/fonts/flags/4x3/gi.svg]
[app.dayzboosterz.com/assets/vendor/fonts/flags/1x1/gi.svg]
[app.dayzboosterz.com/assets/vendor/fonts/flags/4x3/gl.svg]
[app.dayzboosterz.com/assets/vendor/fonts/flags/1x1/gl.svg]
[app.dayzboosterz.com/assets/vendor/fonts/flags/4x3/gm.svg]
[app.dayzboosterz.com/assets/vendor/fonts/flags/1x1/gm.svg]
[app.dayzboosterz.com/assets/vendor/fonts/flags/4x3/gn.svg]
[app.dayzboosterz.com/assets/vendor/fonts/flags/1x1/gn.svg]
[app.dayzboosterz.com/assets/vendor/fonts/flags/4x3/gp.svg]
[app.dayzboosterz.com/assets/vendor/fonts/flags/1x1/gp.svg]
[app.dayzboosterz.com/assets/vendor/fonts/flags/4x3/gq.svg]
[app.dayzboosterz.com/assets/vendor/fonts/flags/1x1/gq.svg]
[app.dayzboosterz.com/assets/vendor/fonts/flags/4x3/gr.svg]
[app.dayzboosterz.com/assets/vendor/fonts/flags/1x1/gr.svg]
[app.dayzboosterz.com/assets/vendor/fonts/flags/4x3/gs.svg]
[app.dayzboosterz.com/assets/vendor/fonts/flags/1x1/gs.svg]
[app.dayzboosterz.com/assets/vendor/fonts/flags/4x3/gt.svg]
[app.dayzboosterz.com/assets/vendor/fonts/flags/1x1/gt.svg]
[app.dayzboosterz.com/assets/vendor/fonts/flags/4x3/gu.svg]
[app.dayzboosterz.com/assets/vendor/fonts/flags/1x1/gu.svg]
[app.dayzboosterz.com/assets/vendor/fonts/flags/4x3/gw.svg]
[app.dayzboosterz.com/assets/vendor/fonts/flags/1x1/gw.svg]
[app.dayzboosterz.com/assets/vendor/fonts/flags/4x3/gy.svg]
[app.dayzboosterz.com/assets/vendor/fonts/flags/1x1/gy.svg]
[app.dayzboosterz.com/assets/vendor/fonts/flags/4x3/hk.svg]
[app.dayzboosterz.com/assets/vendor/fonts/flags/1x1/hk.svg]
[app.dayzboosterz.com/assets/vendor/fonts/flags/4x3/hm.svg]
[app.dayzboosterz.com/assets/vendor/fonts/flags/1x1/hm.svg]
[app.dayzboosterz.com/assets/vendor/fonts/flags/4x3/hn.svg]
[app.dayzboosterz.com/assets/vendor/fonts/flags/1x1/hn.svg]
[app.dayzboosterz.com/assets/vendor/fonts/flags/4x3/hr.svg]
[app.dayzboosterz.com/assets/vendor/fonts/flags/1x1/hr.svg]
[app.dayzboosterz.com/assets/vendor/fonts/flags/4x3/ht.svg]
[app.dayzboosterz.com/assets/vendor/fonts/flags/1x1/ht.svg]
[app.dayzboosterz.com/assets/vendor/fonts/flags/4x3/hu.svg]
[app.dayzboosterz.com/assets/vendor/fonts/flags/1x1/hu.svg]
[app.dayzboosterz.com/assets/vendor/fonts/flags/4x3/id.svg]
[app.dayzboosterz.com/assets/vendor/fonts/flags/1x1/id.svg]
[app.dayzboosterz.com/assets/vendor/fonts/flags/4x3/ie.svg]
[app.dayzboosterz.com/assets/vendor/fonts/flags/1x1/ie.svg]
[app.dayzboosterz.com/assets/vendor/fonts/flags/4x3/il.svg]
[app.dayzboosterz.com/assets/vendor/fonts/flags/1x1/il.svg]
[app.dayzboosterz.com/assets/vendor/fonts/flags/4x3/im.svg]
[app.dayzboosterz.com/assets/vendor/fonts/flags/1x1/im.svg]
[app.dayzboosterz.com/assets/vendor/fonts/flags/4x3/in.svg]
[app.dayzboosterz.com/assets/vendor/fonts/flags/1x1/in.svg]
[app.dayzboosterz.com/assets/vendor/fonts/flags/4x3/io.svg]
[app.dayzboosterz.com/assets/vendor/fonts/flags/1x1/io.svg]
[app.dayzboosterz.com/assets/vendor/fonts/flags/4x3/iq.svg]
[app.dayzboosterz.com/assets/vendor/fonts/flags/1x1/iq.svg]
[app.dayzboosterz.com/assets/vendor/fonts/flags/4x3/ir.svg]
[app.dayzboosterz.com/assets/vendor/fonts/flags/1x1/ir.svg]
[app.dayzboosterz.com/assets/vendor/fonts/flags/4x3/is.svg]
[app.dayzboosterz.com/assets/vendor/fonts/flags/1x1/is.svg]
[app.dayzboosterz.com/assets/vendor/fonts/flags/4x3/it.svg]
[app.dayzboosterz.com/assets/vendor/fonts/flags/1x1/it.svg]
[app.dayzboosterz.com/assets/vendor/fonts/flags/4x3/je.svg]
[app.dayzboosterz.com/assets/vendor/fonts/flags/1x1/je.svg]
[app.dayzboosterz.com/assets/vendor/fonts/flags/4x3/jm.svg]
[app.dayzboosterz.com/assets/vendor/fonts/flags/1x1/jm.svg]
[app.dayzboosterz.com/assets/vendor/fonts/flags/4x3/jo.svg]
[app.dayzboosterz.com/assets/vendor/fonts/flags/1x1/jo.svg]
[app.dayzboosterz.com/assets/vendor/fonts/flags/4x3/jp.svg]
[app.dayzboosterz.com/assets/vendor/fonts/flags/1x1/jp.svg]
[app.dayzboosterz.com/assets/vendor/fonts/flags/4x3/ke.svg]
[app.dayzboosterz.com/assets/vendor/fonts/flags/1x1/ke.svg]
[app.dayzboosterz.com/assets/vendor/fonts/flags/4x3/kg.svg]
[app.dayzboosterz.com/assets/vendor/fonts/flags/1x1/kg.svg]
[app.dayzboosterz.com/assets/vendor/fonts/flags/4x3/kh.svg]
[app.dayzboosterz.com/assets/vendor/fonts/flags/1x1/kh.svg]
[app.dayzboosterz.com/assets/vendor/fonts/flags/4x3/ki.svg]
[app.dayzboosterz.com/assets/vendor/fonts/flags/1x1/ki.svg]
[app.dayzboosterz.com/assets/vendor/fonts/flags/4x3/km.svg]
[app.dayzboosterz.com/assets/vendor/fonts/flags/1x1/km.svg]
[app.dayzboosterz.com/assets/vendor/fonts/flags/4x3/kn.svg]
[app.dayzboosterz.com/assets/vendor/fonts/flags/1x1/kn.svg]
[app.dayzboosterz.com/assets/vendor/fonts/flags/4x3/kp.svg]
[app.dayzboosterz.com/assets/vendor/fonts/flags/1x1/kp.svg]
[app.dayzboosterz.com/assets/vendor/fonts/flags/4x3/kr.svg]
[app.dayzboosterz.com/assets/vendor/fonts/flags/1x1/kr.svg]
[app.dayzboosterz.com/assets/vendor/fonts/flags/4x3/kw.svg]
[app.dayzboosterz.com/assets/vendor/fonts/flags/1x1/kw.svg]
[app.dayzboosterz.com/assets/vendor/fonts/flags/4x3/ky.svg]
[app.dayzboosterz.com/assets/vendor/fonts/flags/1x1/ky.svg]
[app.dayzboosterz.com/assets/vendor/fonts/flags/4x3/kz.svg]
[app.dayzboosterz.com/assets/vendor/fonts/flags/1x1/kz.svg]
[app.dayzboosterz.com/assets/vendor/fonts/flags/4x3/la.svg]
[app.dayzboosterz.com/assets/vendor/fonts/flags/1x1/la.svg]
[app.dayzboosterz.com/assets/vendor/fonts/flags/4x3/lb.svg]
[app.dayzboosterz.com/assets/vendor/fonts/flags/1x1/lb.svg]
[app.dayzboosterz.com/assets/vendor/fonts/flags/4x3/lc.svg]
[app.dayzboosterz.com/assets/vendor/fonts/flags/1x1/lc.svg]
[app.dayzboosterz.com/assets/vendor/fonts/flags/4x3/li.svg]
[app.dayzboosterz.com/assets/vendor/fonts/flags/1x1/li.svg]
[app.dayzboosterz.com/assets/vendor/fonts/flags/4x3/lk.svg]
[app.dayzboosterz.com/assets/vendor/fonts/flags/1x1/lk.svg]
[app.dayzboosterz.com/assets/vendor/fonts/flags/4x3/lr.svg]
[app.dayzboosterz.com/assets/vendor/fonts/flags/1x1/lr.svg]
[app.dayzboosterz.com/assets/vendor/fonts/flags/4x3/ls.svg]
[app.dayzboosterz.com/assets/vendor/fonts/flags/1x1/ls.svg]
[app.dayzboosterz.com/assets/vendor/fonts/flags/4x3/lt.svg]
[app.dayzboosterz.com/assets/vendor/fonts/flags/1x1/lt.svg]
[app.dayzboosterz.com/assets/vendor/fonts/flags/4x3/lu.svg]
[app.dayzboosterz.com/assets/vendor/fonts/flags/1x1/lu.svg]
[app.dayzboosterz.com/assets/vendor/fonts/flags/4x3/lv.svg]
[app.dayzboosterz.com/assets/vendor/fonts/flags/1x1/lv.svg]
[app.dayzboosterz.com/assets/vendor/fonts/flags/4x3/ly.svg]
[app.dayzboosterz.com/assets/vendor/fonts/flags/1x1/ly.svg]
[app.dayzboosterz.com/assets/vendor/fonts/flags/4x3/ma.svg]
[app.dayzboosterz.com/assets/vendor/fonts/flags/1x1/ma.svg]
[app.dayzboosterz.com/assets/vendor/fonts/flags/4x3/mc.svg]
[app.dayzboosterz.com/assets/vendor/fonts/flags/1x1/mc.svg]
[app.dayzboosterz.com/assets/vendor/fonts/flags/4x3/md.svg]
[app.dayzboosterz.com/assets/vendor/fonts/flags/1x1/md.svg]
[app.dayzboosterz.com/assets/vendor/fonts/flags/4x3/me.svg]
[app.dayzboosterz.com/assets/vendor/fonts/flags/1x1/me.svg]
[app.dayzboosterz.com/assets/vendor/fonts/flags/4x3/mf.svg]
[app.dayzboosterz.com/assets/vendor/fonts/flags/1x1/mf.svg]
[app.dayzboosterz.com/assets/vendor/fonts/flags/4x3/mg.svg]
[app.dayzboosterz.com/assets/vendor/fonts/flags/1x1/mg.svg]
[app.dayzboosterz.com/assets/vendor/fonts/flags/4x3/mh.svg]
[app.dayzboosterz.com/assets/vendor/fonts/flags/1x1/mh.svg]
[app.dayzboosterz.com/assets/vendor/fonts/flags/4x3/mk.svg]
[app.dayzboosterz.com/assets/vendor/fonts/flags/1x1/mk.svg]
[app.dayzboosterz.com/assets/vendor/fonts/flags/4x3/ml.svg]
[app.dayzboosterz.com/assets/vendor/fonts/flags/1x1/ml.svg]
[app.dayzboosterz.com/assets/vendor/fonts/flags/4x3/mm.svg]
[app.dayzboosterz.com/assets/vendor/fonts/flags/1x1/mm.svg]
[app.dayzboosterz.com/assets/vendor/fonts/flags/4x3/mn.svg]
[app.dayzboosterz.com/assets/vendor/fonts/flags/1x1/mn.svg]
[app.dayzboosterz.com/assets/vendor/fonts/flags/4x3/mo.svg]
[app.dayzboosterz.com/assets/vendor/fonts/flags/1x1/mo.svg]
[app.dayzboosterz.com/assets/vendor/fonts/flags/4x3/mp.svg]
[app.dayzboosterz.com/assets/vendor/fonts/flags/1x1/mp.svg]
[app.dayzboosterz.com/assets/vendor/fonts/flags/4x3/mq.svg]
[app.dayzboosterz.com/assets/vendor/fonts/flags/1x1/mq.svg]
[app.dayzboosterz.com/assets/vendor/fonts/flags/4x3/mr.svg]
[app.dayzboosterz.com/assets/vendor/fonts/flags/1x1/mr.svg]
[app.dayzboosterz.com/assets/vendor/fonts/flags/4x3/ms.svg]
[app.dayzboosterz.com/assets/vendor/fonts/flags/1x1/ms.svg]
[app.dayzboosterz.com/assets/vendor/fonts/flags/4x3/mt.svg]
[app.dayzboosterz.com/assets/vendor/fonts/flags/1x1/mt.svg]
[app.dayzboosterz.com/assets/vendor/fonts/flags/4x3/mu.svg]
[app.dayzboosterz.com/assets/vendor/fonts/flags/1x1/mu.svg]
[app.dayzboosterz.com/assets/vendor/fonts/flags/4x3/mv.svg]
[app.dayzboosterz.com/assets/vendor/fonts/flags/1x1/mv.svg]
[app.dayzboosterz.com/assets/vendor/fonts/flags/4x3/mw.svg]
[app.dayzboosterz.com/assets/vendor/fonts/flags/1x1/mw.svg]
[app.dayzboosterz.com/assets/vendor/fonts/flags/4x3/mx.svg]
[app.dayzboosterz.com/assets/vendor/fonts/flags/1x1/mx.svg]
[app.dayzboosterz.com/assets/vendor/fonts/flags/4x3/my.svg]
[app.dayzboosterz.com/assets/vendor/fonts/flags/1x1/my.svg]
[app.dayzboosterz.com/assets/vendor/fonts/flags/4x3/mz.svg]
[app.dayzboosterz.com/assets/vendor/fonts/flags/1x1/mz.svg]
[app.dayzboosterz.com/assets/vendor/fonts/flags/4x3/na.svg]
[app.dayzboosterz.com/assets/vendor/fonts/flags/1x1/na.svg]
[app.dayzboosterz.com/assets/vendor/fonts/flags/4x3/nc.svg]
[app.dayzboosterz.com/assets/vendor/fonts/flags/1x1/nc.svg]
[app.dayzboosterz.com/assets/vendor/fonts/flags/4x3/ne.svg]
[app.dayzboosterz.com/assets/vendor/fonts/flags/1x1/ne.svg]
[app.dayzboosterz.com/assets/vendor/fonts/flags/4x3/nf.svg]
[app.dayzboosterz.com/assets/vendor/fonts/flags/1x1/nf.svg]
[app.dayzboosterz.com/assets/vendor/fonts/flags/4x3/ng.svg]
[app.dayzboosterz.com/assets/vendor/fonts/flags/1x1/ng.svg]
[app.dayzboosterz.com/assets/vendor/fonts/flags/4x3/ni.svg]
[app.dayzboosterz.com/assets/vendor/fonts/flags/1x1/ni.svg]
[app.dayzboosterz.com/assets/vendor/fonts/flags/4x3/nl.svg]
[app.dayzboosterz.com/assets/vendor/fonts/flags/1x1/nl.svg]
[app.dayzboosterz.com/assets/vendor/fonts/flags/4x3/no.svg]
[app.dayzboosterz.com/assets/vendor/fonts/flags/1x1/no.svg]
[app.dayzboosterz.com/assets/vendor/fonts/flags/4x3/np.svg]
[app.dayzboosterz.com/assets/vendor/fonts/flags/1x1/np.svg]
[app.dayzboosterz.com/assets/vendor/fonts/flags/4x3/nr.svg]
[app.dayzboosterz.com/assets/vendor/fonts/flags/1x1/nr.svg]
[app.dayzboosterz.com/assets/vendor/fonts/flags/4x3/nu.svg]
[app.dayzboosterz.com/assets/vendor/fonts/flags/1x1/nu.svg]
[app.dayzboosterz.com/assets/vendor/fonts/flags/4x3/nz.svg]
[app.dayzboosterz.com/assets/vendor/fonts/flags/1x1/nz.svg]
[app.dayzboosterz.com/assets/vendor/fonts/flags/4x3/om.svg]
[app.dayzboosterz.com/assets/vendor/fonts/flags/1x1/om.svg]
[app.dayzboosterz.com/assets/vendor/fonts/flags/4x3/pa.svg]
[app.dayzboosterz.com/assets/vendor/fonts/flags/1x1/pa.svg]
[app.dayzboosterz.com/assets/vendor/fonts/flags/4x3/pe.svg]
[app.dayzboosterz.com/assets/vendor/fonts/flags/1x1/pe.svg]
[app.dayzboosterz.com/assets/vendor/fonts/flags/4x3/pf.svg]
[app.dayzboosterz.com/assets/vendor/fonts/flags/1x1/pf.svg]
[app.dayzboosterz.com/assets/vendor/fonts/flags/4x3/pg.svg]
[app.dayzboosterz.com/assets/vendor/fonts/flags/1x1/pg.svg]
[app.dayzboosterz.com/assets/vendor/fonts/flags/4x3/ph.svg]
[app.dayzboosterz.com/assets/vendor/fonts/flags/1x1/ph.svg]
[app.dayzboosterz.com/assets/vendor/fonts/flags/4x3/pk.svg]
[app.dayzboosterz.com/assets/vendor/fonts/flags/1x1/pk.svg]
[app.dayzboosterz.com/assets/vendor/fonts/flags/4x3/pl.svg]
[app.dayzboosterz.com/assets/vendor/fonts/flags/1x1/pl.svg]
[app.dayzboosterz.com/assets/vendor/fonts/flags/4x3/pm.svg]
[app.dayzboosterz.com/assets/vendor/fonts/flags/1x1/pm.svg]
[app.dayzboosterz.com/assets/vendor/fonts/flags/4x3/pn.svg]
[app.dayzboosterz.com/assets/vendor/fonts/flags/1x1/pn.svg]
[app.dayzboosterz.com/assets/vendor/fonts/flags/4x3/pr.svg]
[app.dayzboosterz.com/assets/vendor/fonts/flags/1x1/pr.svg]
[app.dayzboosterz.com/assets/vendor/fonts/flags/4x3/ps.svg]
[app.dayzboosterz.com/assets/vendor/fonts/flags/1x1/ps.svg]
[app.dayzboosterz.com/assets/vendor/fonts/flags/4x3/pt.svg]
[app.dayzboosterz.com/assets/vendor/fonts/flags/1x1/pt.svg]
[app.dayzboosterz.com/assets/vendor/fonts/flags/4x3/pw.svg]
[app.dayzboosterz.com/assets/vendor/fonts/flags/1x1/pw.svg]
[app.dayzboosterz.com/assets/vendor/fonts/flags/4x3/py.svg]
[app.dayzboosterz.com/assets/vendor/fonts/flags/1x1/py.svg]
[app.dayzboosterz.com/assets/vendor/fonts/flags/4x3/qa.svg]
[app.dayzboosterz.com/assets/vendor/fonts/flags/1x1/qa.svg]
[app.dayzboosterz.com/assets/vendor/fonts/flags/4x3/re.svg]
[app.dayzboosterz.com/assets/vendor/fonts/flags/1x1/re.svg]
[app.dayzboosterz.com/assets/vendor/fonts/flags/4x3/ro.svg]
[app.dayzboosterz.com/assets/vendor/fonts/flags/1x1/ro.svg]
[app.dayzboosterz.com/assets/vendor/fonts/flags/4x3/rs.svg]
[app.dayzboosterz.com/assets/vendor/fonts/flags/1x1/rs.svg]
[app.dayzboosterz.com/assets/vendor/fonts/flags/4x3/ru.svg]
[app.dayzboosterz.com/assets/vendor/fonts/flags/1x1/ru.svg]
[app.dayzboosterz.com/assets/vendor/fonts/flags/4x3/rw.svg]
[app.dayzboosterz.com/assets/vendor/fonts/flags/1x1/rw.svg]
[app.dayzboosterz.com/assets/vendor/fonts/flags/4x3/sa.svg]
[app.dayzboosterz.com/assets/vendor/fonts/flags/1x1/sa.svg]
[app.dayzboosterz.com/assets/vendor/fonts/flags/4x3/sb.svg]
[app.dayzboosterz.com/assets/vendor/fonts/flags/1x1/sb.svg]
[app.dayzboosterz.com/assets/vendor/fonts/flags/4x3/sc.svg]
[app.dayzboosterz.com/assets/vendor/fonts/flags/1x1/sc.svg]
[app.dayzboosterz.com/assets/vendor/fonts/flags/4x3/sd.svg]
[app.dayzboosterz.com/assets/vendor/fonts/flags/1x1/sd.svg]
[app.dayzboosterz.com/assets/vendor/fonts/flags/4x3/se.svg]
[app.dayzboosterz.com/assets/vendor/fonts/flags/1x1/se.svg]
[app.dayzboosterz.com/assets/vendor/fonts/flags/4x3/sg.svg]
[app.dayzboosterz.com/assets/vendor/fonts/flags/1x1/sg.svg]
[app.dayzboosterz.com/assets/vendor/fonts/flags/4x3/sh.svg]
[app.dayzboosterz.com/assets/vendor/fonts/flags/1x1/sh.svg]
[app.dayzboosterz.com/assets/vendor/fonts/flags/4x3/si.svg]
[app.dayzboosterz.com/assets/vendor/fonts/flags/1x1/si.svg]
[app.dayzboosterz.com/assets/vendor/fonts/flags/4x3/sj.svg]
[app.dayzboosterz.com/assets/vendor/fonts/flags/1x1/sj.svg]
[app.dayzboosterz.com/assets/vendor/fonts/flags/4x3/sk.svg]
[app.dayzboosterz.com/assets/vendor/fonts/flags/1x1/sk.svg]
[app.dayzboosterz.com/assets/vendor/fonts/flags/4x3/sl.svg]
[app.dayzboosterz.com/assets/vendor/fonts/flags/1x1/sl.svg]
[app.dayzboosterz.com/assets/vendor/fonts/flags/4x3/sm.svg]
[app.dayzboosterz.com/assets/vendor/fonts/flags/1x1/sm.svg]
[app.dayzboosterz.com/assets/vendor/fonts/flags/4x3/sn.svg]
[app.dayzboosterz.com/assets/vendor/fonts/flags/1x1/sn.svg]
[app.dayzboosterz.com/assets/vendor/fonts/flags/4x3/so.svg]
[app.dayzboosterz.com/assets/vendor/fonts/flags/1x1/so.svg]
[app.dayzboosterz.com/assets/vendor/fonts/flags/4x3/sr.svg]
[app.dayzboosterz.com/assets/vendor/fonts/flags/1x1/sr.svg]
[app.dayzboosterz.com/assets/vendor/fonts/flags/4x3/ss.svg]
[app.dayzboosterz.com/assets/vendor/fonts/flags/1x1/ss.svg]
[app.dayzboosterz.com/assets/vendor/fonts/flags/4x3/st.svg]
[app.dayzboosterz.com/assets/vendor/fonts/flags/1x1/st.svg]
[app.dayzboosterz.com/assets/vendor/fonts/flags/4x3/sv.svg]
[app.dayzboosterz.com/assets/vendor/fonts/flags/1x1/sv.svg]
[app.dayzboosterz.com/assets/vendor/fonts/flags/4x3/sx.svg]
[app.dayzboosterz.com/assets/vendor/fonts/flags/1x1/sx.svg]
[app.dayzboosterz.com/assets/vendor/fonts/flags/4x3/sy.svg]
[app.dayzboosterz.com/assets/vendor/fonts/flags/1x1/sy.svg]
[app.dayzboosterz.com/assets/vendor/fonts/flags/4x3/sz.svg]
[app.dayzboosterz.com/assets/vendor/fonts/flags/1x1/sz.svg]
[app.dayzboosterz.com/assets/vendor/fonts/flags/4x3/tc.svg]
[app.dayzboosterz.com/assets/vendor/fonts/flags/1x1/tc.svg]
[app.dayzboosterz.com/assets/vendor/fonts/flags/4x3/td.svg]
[app.dayzboosterz.com/assets/vendor/fonts/flags/1x1/td.svg]
[app.dayzboosterz.com/assets/vendor/fonts/flags/4x3/tf.svg]
[app.dayzboosterz.com/assets/vendor/fonts/flags/1x1/tf.svg]
[app.dayzboosterz.com/assets/vendor/fonts/flags/4x3/tg.svg]
[app.dayzboosterz.com/assets/vendor/fonts/flags/1x1/tg.svg]
[app.dayzboosterz.com/assets/vendor/fonts/flags/4x3/th.svg]
[app.dayzboosterz.com/assets/vendor/fonts/flags/1x1/th.svg]
[app.dayzboosterz.com/assets/vendor/fonts/flags/4x3/tj.svg]
[app.dayzboosterz.com/assets/vendor/fonts/flags/1x1/tj.svg]
[app.dayzboosterz.com/assets/vendor/fonts/flags/4x3/tk.svg]
[app.dayzboosterz.com/assets/vendor/fonts/flags/1x1/tk.svg]
[app.dayzboosterz.com/assets/vendor/fonts/flags/4x3/tl.svg]
[app.dayzboosterz.com/assets/vendor/fonts/flags/1x1/tl.svg]
[app.dayzboosterz.com/assets/vendor/fonts/flags/4x3/tm.svg]
[app.dayzboosterz.com/assets/vendor/fonts/flags/1x1/tm.svg]
[app.dayzboosterz.com/assets/vendor/fonts/flags/4x3/tn.svg]
[app.dayzboosterz.com/assets/vendor/fonts/flags/1x1/tn.svg]
[app.dayzboosterz.com/assets/vendor/fonts/flags/4x3/to.svg]
[app.dayzboosterz.com/assets/vendor/fonts/flags/1x1/to.svg]
[app.dayzboosterz.com/assets/vendor/fonts/flags/4x3/tr.svg]
[app.dayzboosterz.com/assets/vendor/fonts/flags/1x1/tr.svg]
[app.dayzboosterz.com/assets/vendor/fonts/flags/4x3/tt.svg]
[app.dayzboosterz.com/assets/vendor/fonts/flags/1x1/tt.svg]
[app.dayzboosterz.com/assets/vendor/fonts/flags/4x3/tv.svg]
[app.dayzboosterz.com/assets/vendor/fonts/flags/1x1/tv.svg]
[app.dayzboosterz.com/assets/vendor/fonts/flags/4x3/tw.svg]
[app.dayzboosterz.com/assets/vendor/fonts/flags/1x1/tw.svg]
[app.dayzboosterz.com/assets/vendor/fonts/flags/4x3/tz.svg]
[app.dayzboosterz.com/assets/vendor/fonts/flags/1x1/tz.svg]
[app.dayzboosterz.com/assets/vendor/fonts/flags/4x3/ua.svg]
[app.dayzboosterz.com/assets/vendor/fonts/flags/1x1/ua.svg]
[app.dayzboosterz.com/assets/vendor/fonts/flags/4x3/ug.svg]
[app.dayzboosterz.com/assets/vendor/fonts/flags/1x1/ug.svg]
[app.dayzboosterz.com/assets/vendor/fonts/flags/4x3/um.svg]
[app.dayzboosterz.com/assets/vendor/fonts/flags/1x1/um.svg]
[app.dayzboosterz.com/assets/vendor/fonts/flags/4x3/us.svg]
[app.dayzboosterz.com/assets/vendor/fonts/flags/1x1/us.svg]
[app.dayzboosterz.com/assets/vendor/fonts/flags/4x3/uy.svg]
[app.dayzboosterz.com/assets/vendor/fonts/flags/1x1/uy.svg]
[app.dayzboosterz.com/assets/vendor/fonts/flags/4x3/uz.svg]
[app.dayzboosterz.com/assets/vendor/fonts/flags/1x1/uz.svg]
[app.dayzboosterz.com/assets/vendor/fonts/flags/4x3/va.svg]
[app.dayzboosterz.com/assets/vendor/fonts/flags/1x1/va.svg]
[app.dayzboosterz.com/assets/vendor/fonts/flags/4x3/vc.svg]
[app.dayzboosterz.com/assets/vendor/fonts/flags/1x1/vc.svg]
[app.dayzboosterz.com/assets/vendor/fonts/flags/4x3/ve.svg]
[app.dayzboosterz.com/assets/vendor/fonts/flags/1x1/ve.svg]
[app.dayzboosterz.com/assets/vendor/fonts/flags/4x3/vg.svg]
[app.dayzboosterz.com/assets/vendor/fonts/flags/1x1/vg.svg]
[app.dayzboosterz.com/assets/vendor/fonts/flags/4x3/vi.svg]
[app.dayzboosterz.com/assets/vendor/fonts/flags/1x1/vi.svg]
[app.dayzboosterz.com/assets/vendor/fonts/flags/4x3/vn.svg]
[app.dayzboosterz.com/assets/vendor/fonts/flags/1x1/vn.svg]
[app.dayzboosterz.com/assets/vendor/fonts/flags/4x3/vu.svg]
[app.dayzboosterz.com/assets/vendor/fonts/flags/1x1/vu.svg]
[app.dayzboosterz.com/assets/vendor/fonts/flags/4x3/wf.svg]
[app.dayzboosterz.com/assets/vendor/fonts/flags/1x1/wf.svg]
[app.dayzboosterz.com/assets/vendor/fonts/flags/4x3/ws.svg]
[app.dayzboosterz.com/assets/vendor/fonts/flags/1x1/ws.svg]
[app.dayzboosterz.com/assets/vendor/fonts/flags/4x3/ye.svg]
[app.dayzboosterz.com/assets/vendor/fonts/flags/1x1/ye.svg]
[app.dayzboosterz.com/assets/vendor/fonts/flags/4x3/yt.svg]
[app.dayzboosterz.com/assets/vendor/fonts/flags/1x1/yt.svg]
[app.dayzboosterz.com/assets/vendor/fonts/flags/4x3/za.svg]
[app.dayzboosterz.com/assets/vendor/fonts/flags/1x1/za.svg]
[app.dayzboosterz.com/assets/vendor/fonts/flags/4x3/zm.svg]
[app.dayzboosterz.com/assets/vendor/fonts/flags/1x1/zm.svg]
[app.dayzboosterz.com/assets/vendor/fonts/flags/4x3/zw.svg]
[app.dayzboosterz.com/assets/vendor/fonts/flags/1x1/zw.svg]
[app.dayzboosterz.com/assets/vendor/fonts/flags/4x3/arab.svg]
[app.dayzboosterz.com/assets/vendor/fonts/flags/1x1/arab.svg]
[app.dayzboosterz.com/assets/vendor/fonts/flags/4x3/cefta.svg]
[app.dayzboosterz.com/assets/vendor/fonts/flags/1x1/cefta.svg]
[app.dayzboosterz.com/assets/vendor/fonts/flags/4x3/cp.svg]
[app.dayzboosterz.com/assets/vendor/fonts/flags/1x1/cp.svg]
[app.dayzboosterz.com/assets/vendor/fonts/flags/4x3/dg.svg]
[app.dayzboosterz.com/assets/vendor/fonts/flags/1x1/dg.svg]
[app.dayzboosterz.com/assets/vendor/fonts/flags/4x3/eac.svg]
[app.dayzboosterz.com/assets/vendor/fonts/flags/1x1/eac.svg]
[app.dayzboosterz.com/assets/vendor/fonts/flags/4x3/es-ct.svg]
[app.dayzboosterz.com/assets/vendor/fonts/flags/1x1/es-ct.svg]
[app.dayzboosterz.com/assets/vendor/fonts/flags/4x3/es-ga.svg]
[app.dayzboosterz.com/assets/vendor/fonts/flags/1x1/es-ga.svg]
[app.dayzboosterz.com/assets/vendor/fonts/flags/4x3/es-pv.svg]
[app.dayzboosterz.com/assets/vendor/fonts/flags/1x1/es-pv.svg]
[app.dayzboosterz.com/assets/vendor/fonts/flags/4x3/eu.svg]
[app.dayzboosterz.com/assets/vendor/fonts/flags/1x1/eu.svg]
[app.dayzboosterz.com/assets/vendor/fonts/flags/4x3/gb-eng.svg]
[app.dayzboosterz.com/assets/vendor/fonts/flags/1x1/gb-eng.svg]
[app.dayzboosterz.com/assets/vendor/fonts/flags/4x3/gb-nir.svg]
[app.dayzboosterz.com/assets/vendor/fonts/flags/1x1/gb-nir.svg]
[app.dayzboosterz.com/assets/vendor/fonts/flags/4x3/gb-sct.svg]
[app.dayzboosterz.com/assets/vendor/fonts/flags/1x1/gb-sct.svg]
[app.dayzboosterz.com/assets/vendor/fonts/flags/4x3/gb-wls.svg]
[app.dayzboosterz.com/assets/vendor/fonts/flags/1x1/gb-wls.svg]
[app.dayzboosterz.com/assets/vendor/fonts/flags/4x3/ic.svg]
[app.dayzboosterz.com/assets/vendor/fonts/flags/1x1/ic.svg]
[app.dayzboosterz.com/assets/vendor/fonts/flags/4x3/pc.svg]
[app.dayzboosterz.com/assets/vendor/fonts/flags/1x1/pc.svg]
[app.dayzboosterz.com/assets/vendor/fonts/flags/4x3/sh-ac.svg]
[app.dayzboosterz.com/assets/vendor/fonts/flags/1x1/sh-ac.svg]
[app.dayzboosterz.com/assets/vendor/fonts/flags/4x3/sh-hl.svg]
[app.dayzboosterz.com/assets/vendor/fonts/flags/1x1/sh-hl.svg]
[app.dayzboosterz.com/assets/vendor/fonts/flags/4x3/sh-ta.svg]
[app.dayzboosterz.com/assets/vendor/fonts/flags/1x1/sh-ta.svg]
[app.dayzboosterz.com/assets/vendor/fonts/flags/4x3/un.svg]
[app.dayzboosterz.com/assets/vendor/fonts/flags/1x1/un.svg]
[app.dayzboosterz.com/assets/vendor/fonts/flags/4x3/xk.svg]
[app.dayzboosterz.com/assets/vendor/fonts/flags/1x1/xk.svg]
[cdn.datatables.net/1.13.7/css/dataTables.bootstrap5.min.css]
[app.dayzboosterz.com/apps/tools/modified_types.html]
[app.dayzboosterz.com/apps/tools/types_reduced.html]
[app.dayzboosterz.com/apps/tools/types.html]
[app.dayzboosterz.com/apps/tools/organized_types.html]
[app.dayzboosterz.com/apps/tools/tier_boosted.html]
[fonts.googleapis.com/css292b4.css]
[app.dayzboosterz.com/apps/tools/messages-2.html]
[unpkg.com/leaflet@1.9.4/dist/images/layers.png]
[unpkg.com/leaflet@1.9.4/dist/images/layers-2x.png]
[unpkg.com/leaflet@1.9.4/dist/images/marker-icon.png]
[unpkg.com/leaflet@1.9.4/dist/leaflet.css]
[unpkg.com/leaflet.markercluster@1.4.1/dist/MarkerCluster.css]
[unpkg.com/leaflet.markercluster@1.4.1/dist/MarkerCluster.Default.css]
[app.dayzboosterz.com/apps/tools/cfgplayerspawnpoints.html]
[app.dayzboosterz.com/apps/tools/heatmap.html]
[cdnjs.cloudflare.com/ajax/libs/codemirror/6.65.7/codemirror.min.css]
[cdnjs.cloudflare.com/ajax/libs/codemirror/6.65.7/theme/monokai.min.css]
[cdnjs.cloudflare.com/ajax/libs/codemirror/6.65.7/theme/dracula.min.css]
[cdnjs.cloudflare.com/ajax/libs/codemirror/5.65.2/codemirror.min.css]
[cdnjs.cloudflare.com/ajax/libs/codemirror/5.65.2/theme/darcula.min.css]
[cdnjs.cloudflare.com/ajax/libs/codemirror/5.65.2/addon/lint/lint.min.css]
[cdnjs.cloudflare.com/ajax/libs/codemirror/5.65.2/theme/default.min.html]
[app.dayzboosterz.com/apps/tools/config/download_filec467.html]
[fonts.googleapis.com/css28ebe.css]
[app.dayzboosterz.com/assets/vendor/libs/shepherd/shepherd.css]
[cdnjs.cloudflare.com/ajax/libs/codemirror/5.65.2/mode/javascript/json.min.html]
[app.dayzboosterz.com/apps/tools/engine/jsonvalidator.json]
[cdnjs.cloudflare.com/ajax/libs/codemirror/5.65.2/addon/lint/xml-lint.min.html]
[app.dayzboosterz.com/apps/tools/validated.html]
[cdnjs.cloudflare.com/ajax/libs/codemirror/5.65.2/theme/dracula.min.css]
[app.dayzboosterz.com/apps/tools/organised_events.html]
[cdn.datatables.net/1.12.1/css/dataTables.bootstrap5.min.css]
[cdn.datatables.net/responsive/2.3.0/css/responsive.bootstrap.min.css]
[cdn.datatables.net/buttons/2.2.3/css/buttons.bootstrap5.min.css]
[app.dayzboosterz.com/apps/tools/globals-2.html]
[app.dayzboosterz.com/apps/tools/economy-2.html]
[cdnjs.cloudflare.com/ajax/libs/codemirror/5.65.5/codemirror.min.css]
[cdnjs.cloudflare.com/ajax/libs/codemirror/5.65.5/theme/dracula.min.css]
[cdnjs.cloudflare.com/ajax/libs/codemirror/5.65.5/theme/dracula.min.html]
[unpkg.com/dropzone@5.9.3/dist/min/dropzone.min.css]
[cdnjs.cloudflare.com/ajax/libs/codemirror/5.65.2/theme/monokai.min.css]
[cdn.jsdelivr.net/npm/sweetalert2@11.10.6/dist/sweetalert2.min.css]
[app.dayzboosterz.com/apps/tools/sorted_spawnobjects.html]
[app.dayzboosterz.com/apps/tools/init.html]
[cdnjs.cloudflare.com/ajax/libs/lity/2.4.1/lity.min.css]
[app.dayzboosterz.com/apps/tools/config/add_classnames.html]
[cdnjs.cloudflare.com/ajax/libs/prismjs/1.24.1/themes/prism.min.html]
[cdnjs.cloudflare.com/ajax/libs/prismjs/1.24.1/prism.min.html]
[cdnjs.cloudflare.com/ajax/libs/prismjs/1.24.1/components/prism-json.min.html]
[app.dayzboosterz.com/apps/tools/split_files.html]
[app.dayzboosterz.com/apps/tools/config/save_weather.html]
